AR videocon behavioral C:/Users/Zachary/Desktop/LEDgrid/VideoCon.vhd sub00/vhpl01 1393953982
EN videocon NULL C:/Users/Zachary/Desktop/LEDgrid/VideoCon.vhd sub00/vhpl00 1393953981
EN projectmain NULL C:/Users/Zachary/Desktop/LEDgrid/ProjectMain.vhd sub00/vhpl02 1393953983
AR projectmain behavioral C:/Users/Zachary/Desktop/LEDgrid/ProjectMain.vhd sub00/vhpl03 1393953984
